CREATE TEMP TABLE t1(i int);
NOTICE:  Table doesn't have 'DISTRIBUTED BY' clause -- Using column named 'i' as the Greenplum Database data distribution key for this table.
HINT:  The 'DISTRIBUTED BY' clause determines the distribution of data. Make sure column(s) chosen are the optimal data distribution key to minimize skew.
INSERT INTO t1 SELECT generate_series(1, 10000);
SELECT diskquota.relation_size('t1', true);
 relation_size 
---------------
        688128
(1 row)

SELECT pg_table_size('t1');
 pg_table_size 
---------------
        688128
(1 row)

CREATE TABLE t2(i int);
NOTICE:  Table doesn't have 'DISTRIBUTED BY' clause -- Using column named 'i' as the Greenplum Database data distribution key for this table.
HINT:  The 'DISTRIBUTED BY' clause determines the distribution of data. Make sure column(s) chosen are the optimal data distribution key to minimize skew.
INSERT INTO t2 SELECT generate_series(1, 10000);
SELECT diskquota.relation_size('t2', false);
 relation_size 
---------------
        688128
(1 row)

SELECT pg_table_size('t2');
 pg_table_size 
---------------
        688128
(1 row)

-- start_ignore
\! mkdir /tmp/test_spc
-- end_ignore
DROP TABLESPACE IF EXISTS test_spc;
NOTICE:  tablespace "test_spc" does not exist, skipping
CREATE TABLESPACE test_spc LOCATION '/tmp/test_spc';
ALTER TABLE t1 SET TABLESPACE test_spc;
INSERT INTO t1 SELECT generate_series(1, 10000);
SELECT diskquota.relation_size('t1', true);
 relation_size 
---------------
       1081344
(1 row)

SELECT pg_table_size('t1');
 pg_table_size 
---------------
       1081344
(1 row)

ALTER TABLE t2 SET TABLESPACE test_spc;
INSERT INTO t2 SELECT generate_series(1, 10000);
SELECT diskquota.relation_size('t2', false);
 relation_size 
---------------
       1081344
(1 row)

SELECT pg_table_size('t2');
 pg_table_size 
---------------
       1081344
(1 row)

DROP TABLE t1, t2;
DROP TABLESPACE test_spc;
\! rm -rf /tmp/test_spc
